<html>
<body>
<pre>
<h1>µVision Build Log</h1>
<h2>Tool Versions:</h2>
IDE-Version: ¦ÌVision V5.24.2.0
Copyright (C) 2017 ARM Ltd and ARM Germany GmbH. All rights reserved.
License Information: ADMIN ADMIN, ADMIN, LIC=Y2BKP-M63XL-RCFJZ-JHPD3-73GTV-KEM11
 
Tool Versions:
Toolchain:       MDK-ARM Professional  Version: 5.24.1
Toolchain Path:  D:\Keil_v5\ARM\ARMCC\Bin
C Compiler:      Armcc.exe V5.06 update 5 (build 528)
Assembler:       Armasm.exe V5.06 update 5 (build 528)
Linker/Locator:  ArmLink.exe V5.06 update 5 (build 528)
Library Manager: ArmAr.exe V5.06 update 5 (build 528)
Hex Converter:   FromElf.exe V5.06 update 5 (build 528)
CPU DLL:         SARMCM3.DLL V5.24.1
Dialog DLL:      DARMCM1.DLL V1.18.0.0
Target DLL:      STLink\ST-LINKIII-KEIL_SWO.dll V3.0.1.0
Dialog DLL:      TARMCM1.DLL V1.13.0.0
 
<h2>Project:</h2>
D:\Shulaiye\KeyBoard\MDK-ARM\KeyBoard.uvprojx
Project File Date:  11/27/2018

<h2>Output:</h2>
*** Using Compiler 'V5.06 update 5 (build 528)', folder: 'D:\Keil_v5\ARM\ARMCC\Bin'
Build target 'KeyBoard'
assembling startup_stm32f030x8.s...
compiling usart.c...
compiling stm32f0xx_hal_msp.c...
compiling gpio.c...
compiling stm32f0xx_hal_timebase_TIM.c...
compiling freertos.c...
../Src/freertos.c(169): warning:  #223-D: function "memcmp" declared implicitly
  				if( memcmp(key, re_key, 3) == 0 )
../Src/freertos.c: 1 warning, 0 errors
compiling stm32f0xx_it.c...
compiling main.c...
compiling stm32f0xx_hal_uart_ex.c...
compiling stm32f0xx_hal.c...
compiling stm32f0xx_hal_rcc_ex.c...
compiling stm32f0xx_hal_tim_ex.c...
compiling stm32f0xx_hal_rcc.c...
compiling stm32f0xx_hal_uart.c...
compiling stm32f0xx_hal_tim.c...
compiling stm32f0xx_hal_i2c_ex.c...
compiling stm32f0xx_hal_cortex.c...
compiling stm32f0xx_hal_gpio.c...
compiling stm32f0xx_hal_dma.c...
compiling stm32f0xx_hal_pwr.c...
compiling heap_4.c...
compiling stm32f0xx_hal_pwr_ex.c...
compiling stm32f0xx_hal_i2c.c...
compiling croutine.c...
compiling port.c...
compiling stm32f0xx_hal_flash.c...
compiling system_stm32f0xx.c...
compiling list.c...
compiling event_groups.c...
compiling timers.c...
compiling stm32f0xx_hal_flash_ex.c...
compiling queue.c...
compiling tasks.c...
compiling cmsis_os.c...
compiling myfunction.c...
..\myCode\myfunction.c(30): warning:  #177-D: variable "value"  was declared but never referenced
  		uint8_t value = 0;
..\myCode\myfunction.c: 1 warning, 0 errors
linking...
Program Size: Code=9868 RO-data=336 RW-data=116 ZI-data=4628  
FromELF: creating hex file...
"KeyBoard\KeyBoard.axf" - 0 Error(s), 2 Warning(s).

<h2>Software Packages used:</h2>

Package Vendor: ARM
                http://www.keil.com/pack/ARM.CMSIS.5.0.1.pack
                ARM.CMSIS.5.0.1
                CMSIS (Cortex Microcontroller Software Interface Standard)
   * Component: CORE Version: 5.0.1

Package Vendor: Keil
                http://www.keil.com/pack/Keil.STM32F0xx_DFP.2.0.0.pack
                Keil.STM32F0xx_DFP.2.0.0
                STMicroelectronics STM32F0 Series Device Support, Drivers and Examples

<h2>Collection of Component include folders:</h2>
  .\RTE\_KeyBoard
  D:\Keil_v5\ARM\PACK\ARM\CMSIS\5.0.1\CMSIS\Include
  D:\Keil_v5\ARM\PACK\Keil\STM32F0xx_DFP\2.0.0\Drivers\CMSIS\Device\ST\STM32F0xx\Include

<h2>Collection of Component Files used:</h2>

   * Component: ARM::CMSIS:CORE:5.0.1
Build Time Elapsed:  00:00:08
</pre>
</body>
</html>
